*** EVALUATION ***
PROGRAM "claveSeguridad.abs"

*********************************************************************************************
TARGET SECTION
---------------------------------------------------------------------------------------------
Processor   : Freescale HC08
Memory Model: SMALL
File Format : ELF\DWARF 2.0
Linker      : SmartLinker V-5.0.51 Build 14019, Jan 20 2014

*********************************************************************************************
FILE SECTION
---------------------------------------------------------------------------------------------
Events_c.obj                            Model: SMALL,         Lang: ANSI-C
IIC_c.obj                               Model: SMALL,         Lang: ANSI-C
LCD_c.obj                               Model: SMALL,         Lang: ANSI-C
RTC_c.obj                               Model: SMALL,         Lang: ANSI-C
convfunc_c.obj                          Model: SMALL,         Lang: ANSI-C
keyboard_c.obj                          Model: SMALL,         Lang: ANSI-C
main_c.obj                              Model: SMALL,         Lang: ANSI-C
menu_c.obj                              Model: SMALL,         Lang: ANSI-C
start08_c.obj                           Model: SMALL,         Lang: ANSI-C
mc9s08jm60_c.obj                        Model: SMALL,         Lang: ANSI-C
rtshc08.o (ansiis.lib)                  Model: SMALL,         Lang: ANSI-C
string.o (ansiis.lib)                   Model: SMALL,         Lang: ANSI-C

*********************************************************************************************
STARTUP SECTION
---------------------------------------------------------------------------------------------
Entry point: 0x19DB (_Startup)
_startupData is allocated at 0x19E4 and uses 6 Bytes
extern struct _tagStartup {
  unsigned nofZeroOut     1
  _Range   pZeroOut       0x100     36
  _Copy    *toCopyDownBeg 0x2428
} _startupData;

*********************************************************************************************
SECTION-ALLOCATION SECTION
Section Name                    Size  Type     From       To       Segment
---------------------------------------------------------------------------------------------
.init                            132     R     0x1960     0x19E3   ROM
.startData                        18     R     0x19E4     0x19F5   ROM
.rodata1                         149     R     0x19F6     0x1A8A   ROM
.text                           2461     R     0x1A8B     0x2427   ROM
.copy                              2     R     0x2428     0x2429   ROM
.abs_section_ffc4                  2     R     0xFFC4     0xFFC5   .absSeg0
.abs_section_ffcc                  2     R     0xFFCC     0xFFCD   .absSeg1
.abs_section_0                     1   N/I        0x0        0x0   .absSeg2
.abs_section_1                     1   N/I        0x1        0x1   .absSeg3
.abs_section_2                     1   N/I        0x2        0x2   .absSeg4
.abs_section_3                     1   N/I        0x3        0x3   .absSeg5
.abs_section_4                     1   N/I        0x4        0x4   .absSeg6
.abs_section_5                     1   N/I        0x5        0x5   .absSeg7
.abs_section_6                     1   N/I        0x6        0x6   .absSeg8
.abs_section_7                     1   N/I        0x7        0x7   .absSeg9
.abs_section_8                     1   N/I        0x8        0x8   .absSeg10
.abs_section_9                     1   N/I        0x9        0x9   .absSeg11
.abs_section_a                     1   N/I        0xA        0xA   .absSeg12
.abs_section_b                     1   N/I        0xB        0xB   .absSeg13
.abs_section_c                     1   N/I        0xC        0xC   .absSeg14
.abs_section_d                     1   N/I        0xD        0xD   .absSeg15
.abs_section_e                     1   N/I        0xE        0xE   .absSeg16
.abs_section_10                    1   N/I       0x10       0x10   .absSeg17
.abs_section_11                    1   N/I       0x11       0x11   .absSeg18
.abs_section_16                    1   N/I       0x16       0x16   .absSeg19
.abs_section_17                    1   N/I       0x17       0x17   .absSeg20
.abs_section_18                    1   N/I       0x18       0x18   .absSeg21
.abs_section_1b                    1   N/I       0x1B       0x1B   .absSeg22
.abs_section_1c                    1   N/I       0x1C       0x1C   .absSeg23
.abs_section_1d                    1   N/I       0x1D       0x1D   .absSeg24
.abs_section_1e                    1   N/I       0x1E       0x1E   .absSeg25
.abs_section_20                    1   N/I       0x20       0x20   .absSeg26
.abs_section_25                    1   N/I       0x25       0x25   .absSeg27
.abs_section_28                    1   N/I       0x28       0x28   .absSeg28
.abs_section_2b                    1   N/I       0x2B       0x2B   .absSeg29
.abs_section_2e                    1   N/I       0x2E       0x2E   .absSeg30
.abs_section_31                    1   N/I       0x31       0x31   .absSeg31
.abs_section_34                    1   N/I       0x34       0x34   .absSeg32
.abs_section_3a                    1   N/I       0x3A       0x3A   .absSeg33
.abs_section_3b                    1   N/I       0x3B       0x3B   .absSeg34
.abs_section_3c                    1   N/I       0x3C       0x3C   .absSeg35
.abs_section_3d                    1   N/I       0x3D       0x3D   .absSeg36
.abs_section_3e                    1   N/I       0x3E       0x3E   .absSeg37
.abs_section_3f                    1   N/I       0x3F       0x3F   .absSeg38
.abs_section_42                    1   N/I       0x42       0x42   .absSeg39
.abs_section_43                    1   N/I       0x43       0x43   .absSeg40
.abs_section_44                    1   N/I       0x44       0x44   .absSeg41
.abs_section_45                    1   N/I       0x45       0x45   .absSeg42
.abs_section_46                    1   N/I       0x46       0x46   .absSeg43
.abs_section_47                    1   N/I       0x47       0x47   .absSeg44
.abs_section_48                    1   N/I       0x48       0x48   .absSeg45
.abs_section_49                    1   N/I       0x49       0x49   .absSeg46
.abs_section_4a                    1   N/I       0x4A       0x4A   .absSeg47
.abs_section_4b                    1   N/I       0x4B       0x4B   .absSeg48
.abs_section_4c                    1   N/I       0x4C       0x4C   .absSeg49
.abs_section_50                    1   N/I       0x50       0x50   .absSeg50
.abs_section_51                    1   N/I       0x51       0x51   .absSeg51
.abs_section_52                    1   N/I       0x52       0x52   .absSeg52
.abs_section_53                    1   N/I       0x53       0x53   .absSeg53
.abs_section_58                    1   N/I       0x58       0x58   .absSeg54
.abs_section_59                    1   N/I       0x59       0x59   .absSeg55
.abs_section_5a                    1   N/I       0x5A       0x5A   .absSeg56
.abs_section_5b                    1   N/I       0x5B       0x5B   .absSeg57
.abs_section_5c                    1   N/I       0x5C       0x5C   .absSeg58
.abs_section_5d                    1   N/I       0x5D       0x5D   .absSeg59
.abs_section_60                    1   N/I       0x60       0x60   .absSeg60
.abs_section_65                    1   N/I       0x65       0x65   .absSeg61
.abs_section_68                    1   N/I       0x68       0x68   .absSeg62
.abs_section_6c                    1   N/I       0x6C       0x6C   .absSeg63
.abs_section_6d                    1   N/I       0x6D       0x6D   .absSeg64
.abs_section_6e                    1   N/I       0x6E       0x6E   .absSeg65
.abs_section_70                    1   N/I       0x70       0x70   .absSeg66
.abs_section_71                    1   N/I       0x71       0x71   .absSeg67
.abs_section_72                    1   N/I       0x72       0x72   .absSeg68
.abs_section_73                    1   N/I       0x73       0x73   .absSeg69
.abs_section_80                    1   N/I       0x80       0x80   .absSeg70
.abs_section_88                    1   N/I       0x88       0x88   .absSeg71
.abs_section_89                    1   N/I       0x89       0x89   .absSeg72
.abs_section_8a                    1   N/I       0x8A       0x8A   .absSeg73
.abs_section_90                    1   N/I       0x90       0x90   .absSeg74
.abs_section_91                    1   N/I       0x91       0x91   .absSeg75
.abs_section_92                    1   N/I       0x92       0x92   .absSeg76
.abs_section_93                    1   N/I       0x93       0x93   .absSeg77
.abs_section_94                    1   N/I       0x94       0x94   .absSeg78
.abs_section_95                    1   N/I       0x95       0x95   .absSeg79
.abs_section_96                    1   N/I       0x96       0x96   .absSeg80
.abs_section_97                    1   N/I       0x97       0x97   .absSeg81
.abs_section_98                    1   N/I       0x98       0x98   .absSeg82
.abs_section_9d                    1   N/I       0x9D       0x9D   .absSeg83
.abs_section_9e                    1   N/I       0x9E       0x9E   .absSeg84
.abs_section_9f                    1   N/I       0x9F       0x9F   .absSeg85
.abs_section_a0                    1   N/I       0xA0       0xA0   .absSeg86
.abs_section_a1                    1   N/I       0xA1       0xA1   .absSeg87
.abs_section_a2                    1   N/I       0xA2       0xA2   .absSeg88
.abs_section_a3                    1   N/I       0xA3       0xA3   .absSeg89
.abs_section_1800                  1   N/I     0x1800     0x1800   .absSeg90
.abs_section_1801                  1   N/I     0x1801     0x1801   .absSeg91
.abs_section_1802                  1   N/I     0x1802     0x1802   .absSeg92
.abs_section_1803                  1   N/I     0x1803     0x1803   .absSeg93
.abs_section_1809                  1   N/I     0x1809     0x1809   .absSeg94
.abs_section_180a                  1   N/I     0x180A     0x180A   .absSeg95
.abs_section_1816                  1   N/I     0x1816     0x1816   .absSeg96
.abs_section_1817                  1   N/I     0x1817     0x1817   .absSeg97
.abs_section_1818                  1   N/I     0x1818     0x1818   .absSeg98
.abs_section_1820                  1   N/I     0x1820     0x1820   .absSeg99
.abs_section_1821                  1   N/I     0x1821     0x1821   .absSeg100
.abs_section_1823                  1   N/I     0x1823     0x1823   .absSeg101
.abs_section_1824                  1   N/I     0x1824     0x1824   .absSeg102
.abs_section_1825                  1   N/I     0x1825     0x1825   .absSeg103
.abs_section_1826                  1   N/I     0x1826     0x1826   .absSeg104
.abs_section_1840                  1   N/I     0x1840     0x1840   .absSeg105
.abs_section_1841                  1   N/I     0x1841     0x1841   .absSeg106
.abs_section_1842                  1   N/I     0x1842     0x1842   .absSeg107
.abs_section_1844                  1   N/I     0x1844     0x1844   .absSeg108
.abs_section_1845                  1   N/I     0x1845     0x1845   .absSeg109
.abs_section_1846                  1   N/I     0x1846     0x1846   .absSeg110
.abs_section_1848                  1   N/I     0x1848     0x1848   .absSeg111
.abs_section_1849                  1   N/I     0x1849     0x1849   .absSeg112
.abs_section_184a                  1   N/I     0x184A     0x184A   .absSeg113
.abs_section_184c                  1   N/I     0x184C     0x184C   .absSeg114
.abs_section_184d                  1   N/I     0x184D     0x184D   .absSeg115
.abs_section_184e                  1   N/I     0x184E     0x184E   .absSeg116
.abs_section_1850                  1   N/I     0x1850     0x1850   .absSeg117
.abs_section_1851                  1   N/I     0x1851     0x1851   .absSeg118
.abs_section_1852                  1   N/I     0x1852     0x1852   .absSeg119
.abs_section_1854                  1   N/I     0x1854     0x1854   .absSeg120
.abs_section_1855                  1   N/I     0x1855     0x1855   .absSeg121
.abs_section_1856                  1   N/I     0x1856     0x1856   .absSeg122
.abs_section_1858                  1   N/I     0x1858     0x1858   .absSeg123
.abs_section_1859                  1   N/I     0x1859     0x1859   .absSeg124
.abs_section_185a                  1   N/I     0x185A     0x185A   .absSeg125
.abs_section_12                    2   N/I       0x12       0x13   .absSeg126
.abs_section_14                    2   N/I       0x14       0x15   .absSeg127
.abs_section_21                    2   N/I       0x21       0x22   .absSeg128
.abs_section_23                    2   N/I       0x23       0x24   .absSeg129
.abs_section_26                    2   N/I       0x26       0x27   .absSeg130
.abs_section_29                    2   N/I       0x29       0x2A   .absSeg131
.abs_section_2c                    2   N/I       0x2C       0x2D   .absSeg132
.abs_section_2f                    2   N/I       0x2F       0x30   .absSeg133
.abs_section_32                    2   N/I       0x32       0x33   .absSeg134
.abs_section_35                    2   N/I       0x35       0x36   .absSeg135
.abs_section_38                    2   N/I       0x38       0x39   .absSeg136
.abs_section_40                    2   N/I       0x40       0x41   .absSeg137
.abs_section_54                    2   N/I       0x54       0x55   .absSeg138
.abs_section_56                    2   N/I       0x56       0x57   .absSeg139
.abs_section_61                    2   N/I       0x61       0x62   .absSeg140
.abs_section_63                    2   N/I       0x63       0x64   .absSeg141
.abs_section_66                    2   N/I       0x66       0x67   .absSeg142
.abs_section_69                    2   N/I       0x69       0x6A   .absSeg143
.abs_section_74                    2   N/I       0x74       0x75   .absSeg144
.abs_section_76                    2   N/I       0x76       0x77   .absSeg145
.abs_section_1806                  2   N/I     0x1806     0x1807   .absSeg146
.abs_section_1810                  2   N/I     0x1810     0x1811   .absSeg147
.abs_section_1812                  2   N/I     0x1812     0x1813   .absSeg148
.abs_section_1814                  2   N/I     0x1814     0x1815   .absSeg149
.bss                               7   R/W      0x100      0x106   RAM
.common                           29   R/W      0x107      0x123   RAM
.stack                           128   R/W      0x124      0x1A3   RAM
.vectSeg150_vect                   2     R     0xFFFE     0xFFFF   .vectSeg150

Summary of section sizes per section type:
READ_ONLY (R):         AD0 (dec:     2768)
READ_WRITE (R/W):       A4 (dec:      164)
NO_INIT (N/I):          AC (dec:      172)

*********************************************************************************************
VECTOR-ALLOCATION SECTION
    Address     InitValue   InitFunction
---------------------------------------------------------------------------------------------
     0xFFFE        0x19DB   _Startup

*********************************************************************************************
OBJECT-ALLOCATION SECTION
     Name               Module                 Addr   hSize   dSize     Ref    Section   RLIB
---------------------------------------------------------------------------------------------
MODULE:                 -- Events_c.obj --
- PROCEDURES:
- VARIABLES:
     _INT_Events                                107       4       4      10   .common     
MODULE:                 -- IIC_c.obj --
- PROCEDURES:
     Init_I2C                                  1A8B       C      12       1   .text       
     IIC_read_byte                             1A97      50      80       8   .text       
     IIC_write_byte                            1AE7      42      66       2   .text       
- VARIABLES:
     temp                                       10B       1       1       3   .common     
     Add                                        100       2       2       6   .bss        
MODULE:                 -- LCD_c.obj --
- PROCEDURES:
     LCDGotoXY                                 1B29      2F      47       3   .text       
     LCDEnableCursor                           1B58      1D      29       1   .text       
     LCDDisableCursor                          1B75      1B      27       4   .text       
     LCDClearDisplay                           1B90      1C      28       3   .text       
     LCDWaitLong                               1BAC      2F      47       6   .text       
     LCDWaitShort                              1BDB      16      22      14   .text       
     LCDToggleEN                               1BF1       5       5      11   .text       
     LCD_Init                                  1BF6      72     114       1   .text       
     LCDWrite4bits                             1C68      24      36      11   .text       
     LCDWriteString                            1C8C      47      71      10   .text       
     LCDWriteChar                              1CD3      1D      29       4   .text       
     LCDEnableBackLigth                        1CF0       3       3       1   .text       
- VARIABLES:
MODULE:                 -- RTC_c.obj --
- PROCEDURES:
     IsrRTC                                    1CF3       C      12       1   .text       
- VARIABLES:
     _Vector_29                                FFC4       2       2       0   .abs_section_ffc4
MODULE:                 -- convfunc_c.obj --
- PROCEDURES:
     ConvertoAscci                             1CFF      52      82       8   .text       
- VARIABLES:
MODULE:                 -- keyboard_c.obj --
- PROCEDURES:
     ISR_KBI                                   1D51       E      14       1   .text       
     KBIWaitLong                               1D5F      2F      47       1   .text       
     PINWaitShort                              1D8E      17      23       1   .text       
     Keyboard_Init                             1DA5      49      73       2   .text       
     keydecoder                                1DEE     166     358       8   .text       
- VARIABLES:
     _Vector_25                                FFCC       2       2       0   .abs_section_ffcc
MODULE:                 -- main_c.obj --
- PROCEDURES:
     main                                      1F54     14A     330      11   .text       
- VARIABLES:
     u8Tecla                                    102       2       2      10   .bss        
     menu                                       104       1       1      16   .bss        
     paso                                       105       1       1      16   .bss        
     bandera                                    106       1       1      13   .bss        
     Contrasena                                 10C       4       4       7   .common     
     ContrasenaMem                              110       4       4       3   .common     
     ContrasenaMem2                             114       4       4       3   .common     
     ContrasenaMem3                             118       4       4       3   .common     
     ContrasenaMem4                             11C       4       4       3   .common     
     c                                          120       1       1       2   .common     
     c2                                         121       1       1       2   .common     
     c3                                         122       1       1       2   .common     
     c4                                         123       1       1       2   .common     
MODULE:                 -- menu_c.obj --
- PROCEDURES:
     escribirMenu                              209E      FF     255       5   .text       
     cambiarContrasena                         219D      93     147       1   .text       
     solicitarContrasena                       2230      FB     251       6   .text       
- VARIABLES:
     STRING.SECURITY.SYSTEM.1                  19F6      10      16       1   .rodata1    
     STRING..JAIRO...SEBAS..2                  1A06      10      16       1   .rodata1    
     STRING.INGRESE.SU.CLAVE.3                 1A16      11      17       1   .rodata1    
     STRING.1..CAMBIAR.CLAVE.4                 1A27      11      17       1   .rodata1    
     STRING.2..CANCELAR.5                      1A38       C      12       1   .rodata1    
     STRING.ERROR.CONTRASENA.6                 1A44      11      17       1   .rodata1    
     STRING.PRESIONE.D.7                       1A55       B      11       1   .rodata1    
     STRING.NUEVA.CONTRASENA..8                1A60      12      18       1   .rodata1    
     STRING.1..CONFIRMAR.9                     1A72       D      13       1   .rodata1    
     STRING.2..CANCELAR.10                     1A7F       C      12       1   .rodata1    
MODULE:                 -- start08_c.obj --
- PROCEDURES:
     loadByte                                  1960       E      14       5   .init       
     Init                                      196E      6D     109       1   .init       
     _Startup                                  19DB       9       9       0   .init       
- VARIABLES:
     _startupData                              19E4       6       6       4   .startData  
- LABELS:
     __SEG_END_SSTACK                           1A4       0       0       1               
MODULE:                 -- mc9s08jm60_c.obj --
- PROCEDURES:
- VARIABLES:
     _PTAD                                        0       1       1       0   .abs_section_0
     _PTADD                                       1       1       1       0   .abs_section_1
     _PTBD                                        2       1       1      11   .abs_section_2
     _PTBDD                                       3       1       1       2   .abs_section_3
     _PTCD                                        4       1       1      12   .abs_section_4
     _PTCDD                                       5       1       1       4   .abs_section_5
     _PTDD                                        6       1       1       8   .abs_section_6
     _PTDDD                                       7       1       1       8   .abs_section_7
     _PTED                                        8       1       1       0   .abs_section_8
     _PTEDD                                       9       1       1       0   .abs_section_9
     _PTFD                                        A       1       1       0   .abs_section_a
     _PTFDD                                       B       1       1       0   .abs_section_b
     _PTGD                                        C       1       1       8   .abs_section_c
     _PTGDD                                       D       1       1       8   .abs_section_d
     _ACMPSC                                      E       1       1       0   .abs_section_e
     _ADCSC1                                     10       1       1       0   .abs_section_10
     _ADCSC2                                     11       1       1       0   .abs_section_11
     _ADCCFG                                     16       1       1       0   .abs_section_16
     _APCTL1                                     17       1       1       0   .abs_section_17
     _APCTL2                                     18       1       1       0   .abs_section_18
     _IRQSC                                      1B       1       1       0   .abs_section_1b
     _KBISC                                      1C       1       1       5   .abs_section_1c
     _KBIPE                                      1D       1       1       8   .abs_section_1d
     _KBIES                                      1E       1       1       4   .abs_section_1e
     _TPM1SC                                     20       1       1       0   .abs_section_20
     _TPM1C0SC                                   25       1       1       0   .abs_section_25
     _TPM1C1SC                                   28       1       1       0   .abs_section_28
     _TPM1C2SC                                   2B       1       1       0   .abs_section_2b
     _TPM1C3SC                                   2E       1       1       0   .abs_section_2e
     _TPM1C4SC                                   31       1       1       0   .abs_section_31
     _TPM1C5SC                                   34       1       1       0   .abs_section_34
     _SCI1C1                                     3A       1       1       0   .abs_section_3a
     _SCI1C2                                     3B       1       1       0   .abs_section_3b
     _SCI1S1                                     3C       1       1       0   .abs_section_3c
     _SCI1S2                                     3D       1       1       0   .abs_section_3d
     _SCI1C3                                     3E       1       1       0   .abs_section_3e
     _SCI1D                                      3F       1       1       0   .abs_section_3f
     _SCI2C1                                     42       1       1       0   .abs_section_42
     _SCI2C2                                     43       1       1       0   .abs_section_43
     _SCI2S1                                     44       1       1       0   .abs_section_44
     _SCI2S2                                     45       1       1       0   .abs_section_45
     _SCI2C3                                     46       1       1       0   .abs_section_46
     _SCI2D                                      47       1       1       0   .abs_section_47
     _MCGC1                                      48       1       1       0   .abs_section_48
     _MCGC2                                      49       1       1       0   .abs_section_49
     _MCGTRM                                     4A       1       1       1   .abs_section_4a
     _MCGSC                                      4B       1       1       0   .abs_section_4b
     _MCGC3                                      4C       1       1       0   .abs_section_4c
     _SPI1C1                                     50       1       1       0   .abs_section_50
     _SPI1C2                                     51       1       1       0   .abs_section_51
     _SPI1BR                                     52       1       1       0   .abs_section_52
     _SPI1S                                      53       1       1       0   .abs_section_53
     _IICA                                       58       1       1       0   .abs_section_58
     _IICF                                       59       1       1       1   .abs_section_59
     _IICC1                                      5A       1       1      14   .abs_section_5a
     _IICS                                       5B       1       1      22   .abs_section_5b
     _IICD                                       5C       1       1       8   .abs_section_5c
     _IICC2                                      5D       1       1       0   .abs_section_5d
     _TPM2SC                                     60       1       1       0   .abs_section_60
     _TPM2C0SC                                   65       1       1       0   .abs_section_65
     _TPM2C1SC                                   68       1       1       0   .abs_section_68
     _RTCSC                                      6C       1       1       1   .abs_section_6c
     _RTCCNT                                     6D       1       1       0   .abs_section_6d
     _RTCMOD                                     6E       1       1       0   .abs_section_6e
     _SPI2C1                                     70       1       1       0   .abs_section_70
     _SPI2C2                                     71       1       1       0   .abs_section_71
     _SPI2BR                                     72       1       1       0   .abs_section_72
     _SPI2S                                      73       1       1       0   .abs_section_73
     _USBCTL0                                    80       1       1       0   .abs_section_80
     _PERID                                      88       1       1       0   .abs_section_88
     _IDCOMP                                     89       1       1       0   .abs_section_89
     _REV                                        8A       1       1       0   .abs_section_8a
     _INTSTAT                                    90       1       1       0   .abs_section_90
     _INTENB                                     91       1       1       0   .abs_section_91
     _ERRSTAT                                    92       1       1       0   .abs_section_92
     _ERRENB                                     93       1       1       0   .abs_section_93
     _STAT                                       94       1       1       0   .abs_section_94
     _CTL                                        95       1       1       0   .abs_section_95
     _ADDR                                       96       1       1       0   .abs_section_96
     _FRMNUML                                    97       1       1       0   .abs_section_97
     _FRMNUMH                                    98       1       1       0   .abs_section_98
     _EPCTL0                                     9D       1       1       0   .abs_section_9d
     _EPCTL1                                     9E       1       1       0   .abs_section_9e
     _EPCTL2                                     9F       1       1       0   .abs_section_9f
     _EPCTL3                                     A0       1       1       0   .abs_section_a0
     _EPCTL4                                     A1       1       1       0   .abs_section_a1
     _EPCTL5                                     A2       1       1       0   .abs_section_a2
     _EPCTL6                                     A3       1       1       0   .abs_section_a3
     _SRS                                      1800       1       1       0   .abs_section_1800
     _SBDFR                                    1801       1       1       0   .abs_section_1801
     _SOPT1                                    1802       1       1       1   .abs_section_1802
     _SOPT2                                    1803       1       1       0   .abs_section_1803
     _SPMSC1                                   1809       1       1       0   .abs_section_1809
     _SPMSC2                                   180A       1       1       0   .abs_section_180a
     _DBGC                                     1816       1       1       0   .abs_section_1816
     _DBGT                                     1817       1       1       0   .abs_section_1817
     _DBGS                                     1818       1       1       0   .abs_section_1818
     _FCDIV                                    1820       1       1       0   .abs_section_1820
     _FOPT                                     1821       1       1       0   .abs_section_1821
     _FCNFG                                    1823       1       1       0   .abs_section_1823
     _FPROT                                    1824       1       1       0   .abs_section_1824
     _FSTAT                                    1825       1       1       0   .abs_section_1825
     _FCMD                                     1826       1       1       0   .abs_section_1826
     _PTAPE                                    1840       1       1       0   .abs_section_1840
     _PTASE                                    1841       1       1       0   .abs_section_1841
     _PTADS                                    1842       1       1       0   .abs_section_1842
     _PTBPE                                    1844       1       1       0   .abs_section_1844
     _PTBSE                                    1845       1       1       0   .abs_section_1845
     _PTBDS                                    1846       1       1       0   .abs_section_1846
     _PTCPE                                    1848       1       1       0   .abs_section_1848
     _PTCSE                                    1849       1       1       0   .abs_section_1849
     _PTCDS                                    184A       1       1       0   .abs_section_184a
     _PTDPE                                    184C       1       1       3   .abs_section_184c
     _PTDSE                                    184D       1       1       0   .abs_section_184d
     _PTDDS                                    184E       1       1       0   .abs_section_184e
     _PTEPE                                    1850       1       1       0   .abs_section_1850
     _PTESE                                    1851       1       1       0   .abs_section_1851
     _PTEDS                                    1852       1       1       0   .abs_section_1852
     _PTFPE                                    1854       1       1       0   .abs_section_1854
     _PTFSE                                    1855       1       1       0   .abs_section_1855
     _PTFDS                                    1856       1       1       0   .abs_section_1856
     _PTGPE                                    1858       1       1       3   .abs_section_1858
     _PTGSE                                    1859       1       1       0   .abs_section_1859
     _PTGDS                                    185A       1       1       0   .abs_section_185a
     _ADCR                                       12       2       2       0   .abs_section_12
     _ADCCV                                      14       2       2       0   .abs_section_14
     _TPM1CNT                                    21       2       2       0   .abs_section_21
     _TPM1MOD                                    23       2       2       0   .abs_section_23
     _TPM1C0V                                    26       2       2       0   .abs_section_26
     _TPM1C1V                                    29       2       2       0   .abs_section_29
     _TPM1C2V                                    2C       2       2       0   .abs_section_2c
     _TPM1C3V                                    2F       2       2       0   .abs_section_2f
     _TPM1C4V                                    32       2       2       0   .abs_section_32
     _TPM1C5V                                    35       2       2       0   .abs_section_35
     _SCI1BD                                     38       2       2       0   .abs_section_38
     _SCI2BD                                     40       2       2       0   .abs_section_40
     _SPI1D16                                    54       2       2       0   .abs_section_54
     _SPI1M                                      56       2       2       0   .abs_section_56
     _TPM2CNT                                    61       2       2       0   .abs_section_61
     _TPM2MOD                                    63       2       2       0   .abs_section_63
     _TPM2C0V                                    66       2       2       0   .abs_section_66
     _TPM2C1V                                    69       2       2       0   .abs_section_69
     _SPI2D16                                    74       2       2       0   .abs_section_74
     _SPI2M                                      76       2       2       0   .abs_section_76
     _SDID                                     1806       2       2       0   .abs_section_1806
     _DBGCA                                    1810       2       2       0   .abs_section_1810
     _DBGCB                                    1812       2       2       0   .abs_section_1812
     _DBGF                                     1814       2       2       0   .abs_section_1814
MODULE:                 -- rtshc08.o (ansiis.lib) --
- PROCEDURES:
     _IDIVMOD                                  232B      69     105       2   .text       
     _IDIVU_STAR08                             2394       D      13       1   .text       
     _IMODU_STAR08                             23A1      10      16       1   .text       
     _IMODU_8                                  23B1      12      18       1   .text       
     _Jump_Table_Offset                        23C3      19      25       4   .text       
     _Search_Table_8_Offset                    23DC      25      37       1   .text       
- VARIABLES:
MODULE:                 -- string.o (ansiis.lib) --
- PROCEDURES:
     strlen                                    2401      27      39       1   .text       
- VARIABLES:

*********************************************************************************************
MODULE STATISTIC
  Name                                      Data   Code  Const
---------------------------------------------------------------------------------------------
  Events_c.obj                                 4      0      0
  IIC_c.obj                                    3    158      0
  LCD_c.obj                                    0    458      0
  RTC_c.obj                                    0     12      2
  convfunc_c.obj                               0     82      0
  keyboard_c.obj                               0    515      2
  main_c.obj                                  29    330      0
  menu_c.obj                                   0    653    149
  start08_c.obj                                0    132      0
  mc9s08jm60_c.obj                           172      0      0
  rtshc08.o (ansiis.lib)                       0    214      0
  string.o (ansiis.lib)                        0     39      0
  other                                      128     20      2

*********************************************************************************************
SECTION USE IN OBJECT-ALLOCATION SECTION
---------------------------------------------------------------------------------------------
SECTION: ".text"
  Init_I2C IIC_read_byte IIC_write_byte LCDGotoXY LCDEnableCursor 
  LCDDisableCursor LCDClearDisplay LCDWaitLong LCDWaitShort LCDToggleEN 
  LCD_Init LCDWrite4bits LCDWriteString LCDWriteChar LCDEnableBackLigth IsrRTC 
  ConvertoAscci ISR_KBI KBIWaitLong PINWaitShort Keyboard_Init keydecoder main 
  escribirMenu cambiarContrasena solicitarContrasena _IDIVMOD _IDIVU_STAR08 
  _IMODU_STAR08 _IMODU_8 _Jump_Table_Offset _Search_Table_8_Offset strlen 
SECTION: ".bss"
  Add u8Tecla menu paso bandera 
SECTION: ".init"
  loadByte Init _Startup 
SECTION: ".rodata1"
  STRING.SECURITY.SYSTEM.1 STRING..JAIRO...SEBAS..2 STRING.INGRESE.SU.CLAVE.3 
  STRING.1..CAMBIAR.CLAVE.4 STRING.2..CANCELAR.5 STRING.ERROR.CONTRASENA.6 
  STRING.PRESIONE.D.7 STRING.NUEVA.CONTRASENA..8 STRING.1..CONFIRMAR.9 
  STRING.2..CANCELAR.10 
SECTION: ".common"
  _INT_Events temp Contrasena ContrasenaMem ContrasenaMem2 ContrasenaMem3 
  ContrasenaMem4 c c2 c3 c4 
SECTION: ".abs_section_ffc4"
  _Vector_29 
SECTION: ".abs_section_ffcc"
  _Vector_25 
SECTION: ".abs_section_0"
  _PTAD 
SECTION: ".abs_section_1"
  _PTADD 
SECTION: ".abs_section_2"
  _PTBD 
SECTION: ".abs_section_3"
  _PTBDD 
SECTION: ".abs_section_4"
  _PTCD 
SECTION: ".abs_section_5"
  _PTCDD 
SECTION: ".abs_section_6"
  _PTDD 
SECTION: ".abs_section_7"
  _PTDDD 
SECTION: ".abs_section_8"
  _PTED 
SECTION: ".abs_section_9"
  _PTEDD 
SECTION: ".abs_section_a"
  _PTFD 
SECTION: ".abs_section_b"
  _PTFDD 
SECTION: ".abs_section_c"
  _PTGD 
SECTION: ".abs_section_d"
  _PTGDD 
SECTION: ".abs_section_e"
  _ACMPSC 
SECTION: ".abs_section_10"
  _ADCSC1 
SECTION: ".abs_section_11"
  _ADCSC2 
SECTION: ".abs_section_16"
  _ADCCFG 
SECTION: ".abs_section_17"
  _APCTL1 
SECTION: ".abs_section_18"
  _APCTL2 
SECTION: ".abs_section_1b"
  _IRQSC 
SECTION: ".abs_section_1c"
  _KBISC 
SECTION: ".abs_section_1d"
  _KBIPE 
SECTION: ".abs_section_1e"
  _KBIES 
SECTION: ".abs_section_20"
  _TPM1SC 
SECTION: ".abs_section_25"
  _TPM1C0SC 
SECTION: ".abs_section_28"
  _TPM1C1SC 
SECTION: ".abs_section_2b"
  _TPM1C2SC 
SECTION: ".abs_section_2e"
  _TPM1C3SC 
SECTION: ".abs_section_31"
  _TPM1C4SC 
SECTION: ".abs_section_34"
  _TPM1C5SC 
SECTION: ".abs_section_3a"
  _SCI1C1 
SECTION: ".abs_section_3b"
  _SCI1C2 
SECTION: ".abs_section_3c"
  _SCI1S1 
SECTION: ".abs_section_3d"
  _SCI1S2 
SECTION: ".abs_section_3e"
  _SCI1C3 
SECTION: ".abs_section_3f"
  _SCI1D 
SECTION: ".abs_section_42"
  _SCI2C1 
SECTION: ".abs_section_43"
  _SCI2C2 
SECTION: ".abs_section_44"
  _SCI2S1 
SECTION: ".abs_section_45"
  _SCI2S2 
SECTION: ".abs_section_46"
  _SCI2C3 
SECTION: ".abs_section_47"
  _SCI2D 
SECTION: ".abs_section_48"
  _MCGC1 
SECTION: ".abs_section_49"
  _MCGC2 
SECTION: ".abs_section_4a"
  _MCGTRM 
SECTION: ".abs_section_4b"
  _MCGSC 
SECTION: ".abs_section_4c"
  _MCGC3 
SECTION: ".abs_section_50"
  _SPI1C1 
SECTION: ".abs_section_51"
  _SPI1C2 
SECTION: ".abs_section_52"
  _SPI1BR 
SECTION: ".abs_section_53"
  _SPI1S 
SECTION: ".abs_section_58"
  _IICA 
SECTION: ".abs_section_59"
  _IICF 
SECTION: ".abs_section_5a"
  _IICC1 
SECTION: ".abs_section_5b"
  _IICS 
SECTION: ".abs_section_5c"
  _IICD 
SECTION: ".abs_section_5d"
  _IICC2 
SECTION: ".abs_section_60"
  _TPM2SC 
SECTION: ".abs_section_65"
  _TPM2C0SC 
SECTION: ".abs_section_68"
  _TPM2C1SC 
SECTION: ".abs_section_6c"
  _RTCSC 
SECTION: ".abs_section_6d"
  _RTCCNT 
SECTION: ".abs_section_6e"
  _RTCMOD 
SECTION: ".abs_section_70"
  _SPI2C1 
SECTION: ".abs_section_71"
  _SPI2C2 
SECTION: ".abs_section_72"
  _SPI2BR 
SECTION: ".abs_section_73"
  _SPI2S 
SECTION: ".abs_section_80"
  _USBCTL0 
SECTION: ".abs_section_88"
  _PERID 
SECTION: ".abs_section_89"
  _IDCOMP 
SECTION: ".abs_section_8a"
  _REV 
SECTION: ".abs_section_90"
  _INTSTAT 
SECTION: ".abs_section_91"
  _INTENB 
SECTION: ".abs_section_92"
  _ERRSTAT 
SECTION: ".abs_section_93"
  _ERRENB 
SECTION: ".abs_section_94"
  _STAT 
SECTION: ".abs_section_95"
  _CTL 
SECTION: ".abs_section_96"
  _ADDR 
SECTION: ".abs_section_97"
  _FRMNUML 
SECTION: ".abs_section_98"
  _FRMNUMH 
SECTION: ".abs_section_9d"
  _EPCTL0 
SECTION: ".abs_section_9e"
  _EPCTL1 
SECTION: ".abs_section_9f"
  _EPCTL2 
SECTION: ".abs_section_a0"
  _EPCTL3 
SECTION: ".abs_section_a1"
  _EPCTL4 
SECTION: ".abs_section_a2"
  _EPCTL5 
SECTION: ".abs_section_a3"
  _EPCTL6 
SECTION: ".abs_section_1800"
  _SRS 
SECTION: ".abs_section_1801"
  _SBDFR 
SECTION: ".abs_section_1802"
  _SOPT1 
SECTION: ".abs_section_1803"
  _SOPT2 
SECTION: ".abs_section_1809"
  _SPMSC1 
SECTION: ".abs_section_180a"
  _SPMSC2 
SECTION: ".abs_section_1816"
  _DBGC 
SECTION: ".abs_section_1817"
  _DBGT 
SECTION: ".abs_section_1818"
  _DBGS 
SECTION: ".abs_section_1820"
  _FCDIV 
SECTION: ".abs_section_1821"
  _FOPT 
SECTION: ".abs_section_1823"
  _FCNFG 
SECTION: ".abs_section_1824"
  _FPROT 
SECTION: ".abs_section_1825"
  _FSTAT 
SECTION: ".abs_section_1826"
  _FCMD 
SECTION: ".abs_section_1840"
  _PTAPE 
SECTION: ".abs_section_1841"
  _PTASE 
SECTION: ".abs_section_1842"
  _PTADS 
SECTION: ".abs_section_1844"
  _PTBPE 
SECTION: ".abs_section_1845"
  _PTBSE 
SECTION: ".abs_section_1846"
  _PTBDS 
SECTION: ".abs_section_1848"
  _PTCPE 
SECTION: ".abs_section_1849"
  _PTCSE 
SECTION: ".abs_section_184a"
  _PTCDS 
SECTION: ".abs_section_184c"
  _PTDPE 
SECTION: ".abs_section_184d"
  _PTDSE 
SECTION: ".abs_section_184e"
  _PTDDS 
SECTION: ".abs_section_1850"
  _PTEPE 
SECTION: ".abs_section_1851"
  _PTESE 
SECTION: ".abs_section_1852"
  _PTEDS 
SECTION: ".abs_section_1854"
  _PTFPE 
SECTION: ".abs_section_1855"
  _PTFSE 
SECTION: ".abs_section_1856"
  _PTFDS 
SECTION: ".abs_section_1858"
  _PTGPE 
SECTION: ".abs_section_1859"
  _PTGSE 
SECTION: ".abs_section_185a"
  _PTGDS 
SECTION: ".abs_section_12"
  _ADCR 
SECTION: ".abs_section_14"
  _ADCCV 
SECTION: ".abs_section_21"
  _TPM1CNT 
SECTION: ".abs_section_23"
  _TPM1MOD 
SECTION: ".abs_section_26"
  _TPM1C0V 
SECTION: ".abs_section_29"
  _TPM1C1V 
SECTION: ".abs_section_2c"
  _TPM1C2V 
SECTION: ".abs_section_2f"
  _TPM1C3V 
SECTION: ".abs_section_32"
  _TPM1C4V 
SECTION: ".abs_section_35"
  _TPM1C5V 
SECTION: ".abs_section_38"
  _SCI1BD 
SECTION: ".abs_section_40"
  _SCI2BD 
SECTION: ".abs_section_54"
  _SPI1D16 
SECTION: ".abs_section_56"
  _SPI1M 
SECTION: ".abs_section_61"
  _TPM2CNT 
SECTION: ".abs_section_63"
  _TPM2MOD 
SECTION: ".abs_section_66"
  _TPM2C0V 
SECTION: ".abs_section_69"
  _TPM2C1V 
SECTION: ".abs_section_74"
  _SPI2D16 
SECTION: ".abs_section_76"
  _SPI2M 
SECTION: ".abs_section_1806"
  _SDID 
SECTION: ".abs_section_1810"
  _DBGCA 
SECTION: ".abs_section_1812"
  _DBGCB 
SECTION: ".abs_section_1814"
  _DBGF 

*********************************************************************************************
OBJECT LIST SORTED BY ADDRESS
     Name                                      Addr   hSize   dSize     Ref    Section   RLIB
---------------------------------------------------------------------------------------------
     _PTAD                                        0       1       1       0   .abs_section_0
     _PTADD                                       1       1       1       0   .abs_section_1
     _PTBD                                        2       1       1      11   .abs_section_2
     _PTBDD                                       3       1       1       2   .abs_section_3
     _PTCD                                        4       1       1      12   .abs_section_4
     _PTCDD                                       5       1       1       4   .abs_section_5
     _PTDD                                        6       1       1       8   .abs_section_6
     _PTDDD                                       7       1       1       8   .abs_section_7
     _PTED                                        8       1       1       0   .abs_section_8
     _PTEDD                                       9       1       1       0   .abs_section_9
     _PTFD                                        A       1       1       0   .abs_section_a
     _PTFDD                                       B       1       1       0   .abs_section_b
     _PTGD                                        C       1       1       8   .abs_section_c
     _PTGDD                                       D       1       1       8   .abs_section_d
     _ACMPSC                                      E       1       1       0   .abs_section_e
     _ADCSC1                                     10       1       1       0   .abs_section_10
     _ADCSC2                                     11       1       1       0   .abs_section_11
     _ADCR                                       12       2       2       0   .abs_section_12
     _ADCCV                                      14       2       2       0   .abs_section_14
     _ADCCFG                                     16       1       1       0   .abs_section_16
     _APCTL1                                     17       1       1       0   .abs_section_17
     _APCTL2                                     18       1       1       0   .abs_section_18
     _IRQSC                                      1B       1       1       0   .abs_section_1b
     _KBISC                                      1C       1       1       5   .abs_section_1c
     _KBIPE                                      1D       1       1       8   .abs_section_1d
     _KBIES                                      1E       1       1       4   .abs_section_1e
     _TPM1SC                                     20       1       1       0   .abs_section_20
     _TPM1CNT                                    21       2       2       0   .abs_section_21
     _TPM1MOD                                    23       2       2       0   .abs_section_23
     _TPM1C0SC                                   25       1       1       0   .abs_section_25
     _TPM1C0V                                    26       2       2       0   .abs_section_26
     _TPM1C1SC                                   28       1       1       0   .abs_section_28
     _TPM1C1V                                    29       2       2       0   .abs_section_29
     _TPM1C2SC                                   2B       1       1       0   .abs_section_2b
     _TPM1C2V                                    2C       2       2       0   .abs_section_2c
     _TPM1C3SC                                   2E       1       1       0   .abs_section_2e
     _TPM1C3V                                    2F       2       2       0   .abs_section_2f
     _TPM1C4SC                                   31       1       1       0   .abs_section_31
     _TPM1C4V                                    32       2       2       0   .abs_section_32
     _TPM1C5SC                                   34       1       1       0   .abs_section_34
     _TPM1C5V                                    35       2       2       0   .abs_section_35
     _SCI1BD                                     38       2       2       0   .abs_section_38
     _SCI1C1                                     3A       1       1       0   .abs_section_3a
     _SCI1C2                                     3B       1       1       0   .abs_section_3b
     _SCI1S1                                     3C       1       1       0   .abs_section_3c
     _SCI1S2                                     3D       1       1       0   .abs_section_3d
     _SCI1C3                                     3E       1       1       0   .abs_section_3e
     _SCI1D                                      3F       1       1       0   .abs_section_3f
     _SCI2BD                                     40       2       2       0   .abs_section_40
     _SCI2C1                                     42       1       1       0   .abs_section_42
     _SCI2C2                                     43       1       1       0   .abs_section_43
     _SCI2S1                                     44       1       1       0   .abs_section_44
     _SCI2S2                                     45       1       1       0   .abs_section_45
     _SCI2C3                                     46       1       1       0   .abs_section_46
     _SCI2D                                      47       1       1       0   .abs_section_47
     _MCGC1                                      48       1       1       0   .abs_section_48
     _MCGC2                                      49       1       1       0   .abs_section_49
     _MCGTRM                                     4A       1       1       1   .abs_section_4a
     _MCGSC                                      4B       1       1       0   .abs_section_4b
     _MCGC3                                      4C       1       1       0   .abs_section_4c
     _SPI1C1                                     50       1       1       0   .abs_section_50
     _SPI1C2                                     51       1       1       0   .abs_section_51
     _SPI1BR                                     52       1       1       0   .abs_section_52
     _SPI1S                                      53       1       1       0   .abs_section_53
     _SPI1D16                                    54       2       2       0   .abs_section_54
     _SPI1M                                      56       2       2       0   .abs_section_56
     _IICA                                       58       1       1       0   .abs_section_58
     _IICF                                       59       1       1       1   .abs_section_59
     _IICC1                                      5A       1       1      14   .abs_section_5a
     _IICS                                       5B       1       1      22   .abs_section_5b
     _IICD                                       5C       1       1       8   .abs_section_5c
     _IICC2                                      5D       1       1       0   .abs_section_5d
     _TPM2SC                                     60       1       1       0   .abs_section_60
     _TPM2CNT                                    61       2       2       0   .abs_section_61
     _TPM2MOD                                    63       2       2       0   .abs_section_63
     _TPM2C0SC                                   65       1       1       0   .abs_section_65
     _TPM2C0V                                    66       2       2       0   .abs_section_66
     _TPM2C1SC                                   68       1       1       0   .abs_section_68
     _TPM2C1V                                    69       2       2       0   .abs_section_69
     _RTCSC                                      6C       1       1       1   .abs_section_6c
     _RTCCNT                                     6D       1       1       0   .abs_section_6d
     _RTCMOD                                     6E       1       1       0   .abs_section_6e
     _SPI2C1                                     70       1       1       0   .abs_section_70
     _SPI2C2                                     71       1       1       0   .abs_section_71
     _SPI2BR                                     72       1       1       0   .abs_section_72
     _SPI2S                                      73       1       1       0   .abs_section_73
     _SPI2D16                                    74       2       2       0   .abs_section_74
     _SPI2M                                      76       2       2       0   .abs_section_76
     _USBCTL0                                    80       1       1       0   .abs_section_80
     _PERID                                      88       1       1       0   .abs_section_88
     _IDCOMP                                     89       1       1       0   .abs_section_89
     _REV                                        8A       1       1       0   .abs_section_8a
     _INTSTAT                                    90       1       1       0   .abs_section_90
     _INTENB                                     91       1       1       0   .abs_section_91
     _ERRSTAT                                    92       1       1       0   .abs_section_92
     _ERRENB                                     93       1       1       0   .abs_section_93
     _STAT                                       94       1       1       0   .abs_section_94
     _CTL                                        95       1       1       0   .abs_section_95
     _ADDR                                       96       1       1       0   .abs_section_96
     _FRMNUML                                    97       1       1       0   .abs_section_97
     _FRMNUMH                                    98       1       1       0   .abs_section_98
     _EPCTL0                                     9D       1       1       0   .abs_section_9d
     _EPCTL1                                     9E       1       1       0   .abs_section_9e
     _EPCTL2                                     9F       1       1       0   .abs_section_9f
     _EPCTL3                                     A0       1       1       0   .abs_section_a0
     _EPCTL4                                     A1       1       1       0   .abs_section_a1
     _EPCTL5                                     A2       1       1       0   .abs_section_a2
     _EPCTL6                                     A3       1       1       0   .abs_section_a3
     Add                                        100       2       2       6   .bss        
     u8Tecla                                    102       2       2      10   .bss        
     menu                                       104       1       1      16   .bss        
     paso                                       105       1       1      16   .bss        
     bandera                                    106       1       1      13   .bss        
     _INT_Events                                107       4       4      10   .common     
     temp                                       10B       1       1       3   .common     
     Contrasena                                 10C       4       4       7   .common     
     ContrasenaMem                              110       4       4       3   .common     
     ContrasenaMem2                             114       4       4       3   .common     
     ContrasenaMem3                             118       4       4       3   .common     
     ContrasenaMem4                             11C       4       4       3   .common     
     c                                          120       1       1       2   .common     
     c2                                         121       1       1       2   .common     
     c3                                         122       1       1       2   .common     
     c4                                         123       1       1       2   .common     
     _SRS                                      1800       1       1       0   .abs_section_1800
     _SBDFR                                    1801       1       1       0   .abs_section_1801
     _SOPT1                                    1802       1       1       1   .abs_section_1802
     _SOPT2                                    1803       1       1       0   .abs_section_1803
     _SDID                                     1806       2       2       0   .abs_section_1806
     _SPMSC1                                   1809       1       1       0   .abs_section_1809
     _SPMSC2                                   180A       1       1       0   .abs_section_180a
     _DBGCA                                    1810       2       2       0   .abs_section_1810
     _DBGCB                                    1812       2       2       0   .abs_section_1812
     _DBGF                                     1814       2       2       0   .abs_section_1814
     _DBGC                                     1816       1       1       0   .abs_section_1816
     _DBGT                                     1817       1       1       0   .abs_section_1817
     _DBGS                                     1818       1       1       0   .abs_section_1818
     _FCDIV                                    1820       1       1       0   .abs_section_1820
     _FOPT                                     1821       1       1       0   .abs_section_1821
     _FCNFG                                    1823       1       1       0   .abs_section_1823
     _FPROT                                    1824       1       1       0   .abs_section_1824
     _FSTAT                                    1825       1       1       0   .abs_section_1825
     _FCMD                                     1826       1       1       0   .abs_section_1826
     _PTAPE                                    1840       1       1       0   .abs_section_1840
     _PTASE                                    1841       1       1       0   .abs_section_1841
     _PTADS                                    1842       1       1       0   .abs_section_1842
     _PTBPE                                    1844       1       1       0   .abs_section_1844
     _PTBSE                                    1845       1       1       0   .abs_section_1845
     _PTBDS                                    1846       1       1       0   .abs_section_1846
     _PTCPE                                    1848       1       1       0   .abs_section_1848
     _PTCSE                                    1849       1       1       0   .abs_section_1849
     _PTCDS                                    184A       1       1       0   .abs_section_184a
     _PTDPE                                    184C       1       1       3   .abs_section_184c
     _PTDSE                                    184D       1       1       0   .abs_section_184d
     _PTDDS                                    184E       1       1       0   .abs_section_184e
     _PTEPE                                    1850       1       1       0   .abs_section_1850
     _PTESE                                    1851       1       1       0   .abs_section_1851
     _PTEDS                                    1852       1       1       0   .abs_section_1852
     _PTFPE                                    1854       1       1       0   .abs_section_1854
     _PTFSE                                    1855       1       1       0   .abs_section_1855
     _PTFDS                                    1856       1       1       0   .abs_section_1856
     _PTGPE                                    1858       1       1       3   .abs_section_1858
     _PTGSE                                    1859       1       1       0   .abs_section_1859
     _PTGDS                                    185A       1       1       0   .abs_section_185a
     loadByte                                  1960       E      14       5   .init       
     Init                                      196E      6D     109       1   .init       
     _Startup                                  19DB       9       9       0   .init       
     STRING.SECURITY.SYSTEM.1                  19F6      10      16       1   .rodata1    
     STRING..JAIRO...SEBAS..2                  1A06      10      16       1   .rodata1    
     STRING.INGRESE.SU.CLAVE.3                 1A16      11      17       1   .rodata1    
     STRING.1..CAMBIAR.CLAVE.4                 1A27      11      17       1   .rodata1    
     STRING.2..CANCELAR.5                      1A38       C      12       1   .rodata1    
     STRING.ERROR.CONTRASENA.6                 1A44      11      17       1   .rodata1    
     STRING.PRESIONE.D.7                       1A55       B      11       1   .rodata1    
     STRING.NUEVA.CONTRASENA..8                1A60      12      18       1   .rodata1    
     STRING.1..CONFIRMAR.9                     1A72       D      13       1   .rodata1    
     STRING.2..CANCELAR.10                     1A7F       C      12       1   .rodata1    
     Init_I2C                                  1A8B       C      12       1   .text       
     IIC_read_byte                             1A97      50      80       8   .text       
     IIC_write_byte                            1AE7      42      66       2   .text       
     LCDGotoXY                                 1B29      2F      47       3   .text       
     LCDEnableCursor                           1B58      1D      29       1   .text       
     LCDDisableCursor                          1B75      1B      27       4   .text       
     LCDClearDisplay                           1B90      1C      28       3   .text       
     LCDWaitLong                               1BAC      2F      47       6   .text       
     LCDWaitShort                              1BDB      16      22      14   .text       
     LCDToggleEN                               1BF1       5       5      11   .text       
     LCD_Init                                  1BF6      72     114       1   .text       
     LCDWrite4bits                             1C68      24      36      11   .text       
     LCDWriteString                            1C8C      47      71      10   .text       
     LCDWriteChar                              1CD3      1D      29       4   .text       
     LCDEnableBackLigth                        1CF0       3       3       1   .text       
     IsrRTC                                    1CF3       C      12       1   .text       
     ConvertoAscci                             1CFF      52      82       8   .text       
     ISR_KBI                                   1D51       E      14       1   .text       
     KBIWaitLong                               1D5F      2F      47       1   .text       
     PINWaitShort                              1D8E      17      23       1   .text       
     Keyboard_Init                             1DA5      49      73       2   .text       
     keydecoder                                1DEE     166     358       8   .text       
     main                                      1F54     14A     330      11   .text       
     escribirMenu                              209E      FF     255       5   .text       
     cambiarContrasena                         219D      93     147       1   .text       
     solicitarContrasena                       2230      FB     251       6   .text       
     _IDIVMOD                                  232B      69     105       2   .text       
     _IDIVU_STAR08                             2394       D      13       1   .text       
     _IMODU_STAR08                             23A1      10      16       1   .text       
     _IMODU_8                                  23B1      12      18       1   .text       
     _Jump_Table_Offset                        23C3      19      25       4   .text       
     _Search_Table_8_Offset                    23DC      25      37       1   .text       
     strlen                                    2401      27      39       1   .text       
     _Vector_29                                FFC4       2       2       0   .abs_section_ffc4
     _Vector_25                                FFCC       2       2       0   .abs_section_ffcc

*********************************************************************************************
UNUSED-OBJECTS SECTION
---------------------------------------------------------------------------------------------
NOT USED PROCEDURES
IIC_c.obj:
  IIC_read_block IIC_write_block 
LCD_c.obj:
  LCDWriteCommand LCDClearDisplayOFF LCDClearDisplayON LCDDisableBackLigth 
RTC_c.obj:
  RTC_Init 
menu_c.obj:
  apagarLCD despertarLCD 
rtshc08.o (ansiis.lib):
  _PUSH_ARGS_L _PUSH_ARGS_D _ENTER_UNARY_L _ENTER_UNARY_L64 _ENTER_UNARY_L64_4 
  _ENTER_BINARY_L _ENTER_BINARY_L_RC _ENTER_BINARY_L_LC _ENTER_BINARY_L64 
  _ENTER_BINARY_L64_LC _ENTER_BINARY_L64_RC _SPLITSIGN _LADD_k_is_k_plus_j 
  _k_is_k_plus_j_l _k_is_k_plus_j_i _LSUB_k_is_k_minus_j _LAND_k_is_k_and_j 
  _LOR_k_is_k_or_j _LXOR_k_is_k_xor_j _LMUL_k_is_k_mul_j _LDIVMOD _NEG_L_HX 
  _ABS_L_HX _SPLITSIGN_L _LMODU_k_is_k_mod_j _LDIVU_k_is_k_div_j 
  _LMODS_k_is_k_mod_j _LDIVS_k_is_k_div_j _LCMP_k_rel_j _CMP24_k_rel_j _BMULS 
  _BDIVS _BMODS _IMUL_STAR08 _IDIVS_STAR08 _IMODS_STAR08 _IDIVU_8 _IASR _ILSR 
  _ILSL _ICMP _LINC _LDEC _LNEG _LNOT _LADD _LADD_RC _LSUB _LSUB_LC _LSUB_RC 
  _LAND _LAND_RC _LOR _LOR_RC _LXOR _LXOR_RC _LMUL _LMUL_RC _LDIVS _LDIVS_LC 
  _LDIVS_RC _LDIVU _LDIVU_LC _LDIVU_RC _LMODS _LMODS_LC _LMODS_RC _LMODU 
  _LMODU_LC _LMODU_RC _LASR _LLSR _LLSL _LCMP _LCMP_RC _PUSH_ARGS_24 
  _ENTER_BINARY_24_RC _ENTER_BINARY_24 _CMP24 _CMP24_RC _COPY _COPY_L _POP32 
  _POP64 _STORE32 _STORE64 _SEXT8_32 _SEXT16_32 _CALL_STAR08 _CALL_STAR08_FAR 
  _Jump_Table_Addr _Jump_Table_Header_Addr _Jump_Table_Header_Offset 
  _Search_Table_16_Addr _Search_Table_16_Offset _Search_Table_8_Addr _PUSH_CC 
  _POP_CC _CONV_FAR_TO_NEAR _CONV_FAR_TO_LINEAR _CONV_LINEAR_TO_FAR 
string.o (ansiis.lib):
  strerror memchr memcmp memcpy2 memcpy _memcpy_8bitCount memmove memset 
  _memset_clear_8bitCount strset strcat strncat strcpy strncpy strcmp strncmp 
  strchr strrchr strspn strcspn strpbrk strstr strtok strcoll strxfrm 
NOT USED VARIABLES
main_c.obj:
  ContrasenaDefecto aux 
menu_c.obj:
  aux 
rtshc08.o (ansiis.lib):
  _PowOfTwo_8 _PowOfTwo_16 _PowOfTwo_32 errno 
string.o (ansiis.lib):
  STRING..1 next.2 

*********************************************************************************************
COPYDOWN SECTION
---------------------------------------------------------------------------------------------
------- ROM-ADDRESS: 0x2428 ---- SIZE       2 ---
Filling bytes inserted
 0000

*********************************************************************************************
OBJECT-DEPENDENCIES SECTION
---------------------------------------------------------------------------------------------
Init                      USES _startupData loadByte 
_Startup                  USES __SEG_END_SSTACK Init main 
Init_I2C                  USES _IICC1 _IICF _IICS 
IIC_read_byte             USES Add temp _IICC1 _IICD _IICS 
IIC_write_byte            USES Add temp _IICC1 _IICD _IICS 
LCDGotoXY                 USES _PTBD LCDWrite4bits LCDToggleEN LCDWaitShort 
LCDEnableCursor           USES LCDGotoXY _PTBD LCDWrite4bits LCDToggleEN 
                                LCDWaitShort 
LCDDisableCursor          USES _PTBD LCDWrite4bits LCDToggleEN LCDWaitShort 
LCDClearDisplay           USES _PTBD LCDWrite4bits LCDToggleEN LCDWaitShort 
                                LCDWaitLong 
LCDToggleEN               USES _PTBD 
LCD_Init                  USES LCDWaitLong _PTBDD _PTCDD _PTCD _PTBD 
                                LCDWaitShort LCDClearDisplay LCDWrite4bits LCDToggleEN 
LCDWrite4bits             USES _PTCD 
LCDWriteString            USES LCDGotoXY strlen LCDWriteChar 
LCDWriteChar              USES _PTBD LCDWrite4bits LCDToggleEN LCDWaitShort 
LCDEnableBackLigth        USES _PTBD 
IsrRTC                    USES _RTCSC _INT_Events 
ConvertoAscci             USES _IMODU_8 _IDIVU_STAR08 
ISR_KBI                   USES _KBISC _INT_Events 
Keyboard_Init             USES _PTDDD _PTDD _PTGDD _PTGPE _KBIPE _KBIES _KBISC 
keydecoder                USES KBIWaitLong _PTGD _KBIPE _PTDDD _PTDPE 
                                keydecoder _PTGDD PINWaitShort _PTDD _Jump_Table_Offset 
                                _Search_Table_8_Offset Keyboard_Init 
main                      USES _SOPT1 Init_I2C _MCGTRM LCD_Init Keyboard_Init 
                                IIC_read_byte ContrasenaMem ConvertoAscci ContrasenaMem2 
                                ContrasenaMem3 ContrasenaMem4 main menu keydecoder u8Tecla 
                                Contrasena c c2 c3 c4 IIC_write_byte escribirMenu 
                                _INT_Events bandera LCDWaitLong 
escribirMenu              USES bandera menu escribirMenu LCDEnableBackLigth 
                                LCDDisableCursor STRING.SECURITY.SYSTEM.1 LCDWriteString 
                                STRING..JAIRO...SEBAS..2 STRING.INGRESE.SU.CLAVE.3 solicitarContrasena 
                                STRING.1..CAMBIAR.CLAVE.4 STRING.2..CANCELAR.5 paso LCDClearDisplay 
                                STRING.ERROR.CONTRASENA.6 STRING.PRESIONE.D.7 STRING.NUEVA.CONTRASENA..8 
                                cambiarContrasena STRING.1..CONFIRMAR.9 STRING.2..CANCELAR.10 
                                LCDGotoXY LCDEnableCursor 
cambiarContrasena         USES _INT_Events u8Tecla paso Contrasena 
                                LCDWriteChar LCDWaitLong LCDDisableCursor menu bandera 
                                keydecoder 
solicitarContrasena       USES paso _INT_Events solicitarContrasena u8Tecla 
                                Contrasena LCDWriteChar LCDWaitLong LCDDisableCursor 
                                IIC_read_byte ContrasenaMem ConvertoAscci ContrasenaMem2 
                                ContrasenaMem3 ContrasenaMem4 menu bandera keydecoder 
_IDIVU_STAR08             USES _IDIVMOD 
_IMODU_STAR08             USES _IDIVMOD 
_IMODU_8                  USES _IMODU_STAR08 
_Vector_29                USES IsrRTC 
_Vector_25                USES ISR_KBI 

*********************************************************************************************
DEPENDENCY TREE
*********************************************************************************************
 main and _Startup Group
 | 
 +- main                
 |  | 
 |  +- Init_I2C            
 |  |    
 |  +- LCD_Init            
 |  |  | 
 |  |  +- LCDWaitLong         
 |  |  |    
 |  |  +- LCDWaitShort        
 |  |  |    
 |  |  +- LCDClearDisplay     
 |  |  |  | 
 |  |  |  +- LCDWrite4bits       
 |  |  |  |    
 |  |  |  +- LCDToggleEN         
 |  |  |  |    
 |  |  |  +- LCDWaitShort         (see above)
 |  |  |  |  
 |  |  |  +- LCDWaitLong          (see above)
 |  |  |     
 |  |  +- LCDWrite4bits        (see above)
 |  |  |  
 |  |  +- LCDToggleEN          (see above)
 |  |     
 |  +- Keyboard_Init       
 |  |    
 |  +- IIC_read_byte       
 |  |    
 |  +- ConvertoAscci       
 |  |  | 
 |  |  +- _IMODU_8            
 |  |  |  | 
 |  |  |  +- _IMODU_STAR08       
 |  |  |     | 
 |  |  |     +- _IDIVMOD            
 |  |  |          
 |  |  +- _IDIVU_STAR08       
 |  |     | 
 |  |     +- _IDIVMOD             (see above)
 |  |        
 |  +- keydecoder          
 |  |  | 
 |  |  +- KBIWaitLong         
 |  |  |    
 |  |  +- PINWaitShort        
 |  |  |    
 |  |  +- _Jump_Table_Offset  
 |  |  |    
 |  |  +- _Search_Table_8_Offset
 |  |  |    
 |  |  +- Keyboard_Init        (see above)
 |  |     
 |  +- IIC_write_byte      
 |  |    
 |  +- escribirMenu        
 |  |  | 
 |  |  +- LCDEnableBackLigth  
 |  |  |    
 |  |  +- LCDDisableCursor    
 |  |  |  | 
 |  |  |  +- LCDWrite4bits        (see above)
 |  |  |  |  
 |  |  |  +- LCDToggleEN          (see above)
 |  |  |  |  
 |  |  |  +- LCDWaitShort         (see above)
 |  |  |     
 |  |  +- LCDWriteString      
 |  |  |  | 
 |  |  |  +- LCDGotoXY           
 |  |  |  |  | 
 |  |  |  |  +- LCDWrite4bits        (see above)
 |  |  |  |  |  
 |  |  |  |  +- LCDToggleEN          (see above)
 |  |  |  |  |  
 |  |  |  |  +- LCDWaitShort         (see above)
 |  |  |  |     
 |  |  |  +- strlen              
 |  |  |  |    
 |  |  |  +- LCDWriteChar        
 |  |  |     | 
 |  |  |     +- LCDWrite4bits        (see above)
 |  |  |     |  
 |  |  |     +- LCDToggleEN          (see above)
 |  |  |     |  
 |  |  |     +- LCDWaitShort         (see above)
 |  |  |        
 |  |  +- solicitarContrasena 
 |  |  |  | 
 |  |  |  +- LCDWriteChar         (see above)
 |  |  |  |  
 |  |  |  +- LCDWaitLong          (see above)
 |  |  |  |  
 |  |  |  +- LCDDisableCursor     (see above)
 |  |  |  |  
 |  |  |  +- IIC_read_byte        (see above)
 |  |  |  |  
 |  |  |  +- ConvertoAscci        (see above)
 |  |  |  |  
 |  |  |  +- keydecoder           (see above)
 |  |  |     
 |  |  +- LCDClearDisplay      (see above)
 |  |  |  
 |  |  +- cambiarContrasena   
 |  |  |  | 
 |  |  |  +- LCDWriteChar         (see above)
 |  |  |  |  
 |  |  |  +- LCDWaitLong          (see above)
 |  |  |  |  
 |  |  |  +- LCDDisableCursor     (see above)
 |  |  |  |  
 |  |  |  +- keydecoder           (see above)
 |  |  |     
 |  |  +- LCDGotoXY            (see above)
 |  |  |  
 |  |  +- LCDEnableCursor     
 |  |     | 
 |  |     +- LCDGotoXY            (see above)
 |  |     |  
 |  |     +- LCDWrite4bits        (see above)
 |  |     |  
 |  |     +- LCDToggleEN          (see above)
 |  |     |  
 |  |     +- LCDWaitShort         (see above)
 |  |        
 |  +- LCDWaitLong          (see above)
 |     
 +- _Startup            
    | 
    +- Init                
    |  | 
    |  +- loadByte            
    |       
    +- main                 (see above)
       
 _Vector_29          
 | 
 +- IsrRTC              
      
 _Vector_25          
 | 
 +- ISR_KBI             
      
*********************************************************************************************
STATISTIC SECTION
---------------------------------------------------------------------------------------------

ExeFile:
--------
Number of blocks to be downloaded: 7
Total size of all blocks to be downloaded: 2768

